  main.cpp
C:\Users\atind\OneDrive\Desktop\1_AdamCode-AlppaCentauri_O\1.PracticeWithAI\1.OppieCPP\Oppie1EVNLesNts\2.38Opi1PsByRefPintrsLsJsLsNts\2.38Opi1PsByRefPintrsLsJsLsNts\main.cpp(48,7): error C2143: syntax error: missing ';' before '<<'
C:\Users\atind\OneDrive\Desktop\1_AdamCode-AlppaCentauri_O\1.PracticeWithAI\1.OppieCPP\Oppie1EVNLesNts\2.38Opi1PsByRefPintrsLsJsLsNts\2.38Opi1PsByRefPintrsLsJsLsNts\main.cpp(48,2): error C4430: missing type specifier - int assumed. Note: C++ does not support default-int
C:\Users\atind\OneDrive\Desktop\1_AdamCode-AlppaCentauri_O\1.PracticeWithAI\1.OppieCPP\Oppie1EVNLesNts\2.38Opi1PsByRefPintrsLsJsLsNts\2.38Opi1PsByRefPintrsLsJsLsNts\main.cpp(48,7): error C2059: syntax error: '<<'
C:\Users\atind\OneDrive\Desktop\1_AdamCode-AlppaCentauri_O\1.PracticeWithAI\1.OppieCPP\Oppie1EVNLesNts\2.38Opi1PsByRefPintrsLsJsLsNts\2.38Opi1PsByRefPintrsLsJsLsNts\main.cpp(49,7): error C2143: syntax error: missing ';' before '<<'
C:\Users\atind\OneDrive\Desktop\1_AdamCode-AlppaCentauri_O\1.PracticeWithAI\1.OppieCPP\Oppie1EVNLesNts\2.38Opi1PsByRefPintrsLsJsLsNts\2.38Opi1PsByRefPintrsLsJsLsNts\main.cpp(49,2): error C4430: missing type specifier - int assumed. Note: C++ does not support default-int
C:\Users\atind\OneDrive\Desktop\1_AdamCode-AlppaCentauri_O\1.PracticeWithAI\1.OppieCPP\Oppie1EVNLesNts\2.38Opi1PsByRefPintrsLsJsLsNts\2.38Opi1PsByRefPintrsLsJsLsNts\main.cpp(49,2): error C2086: 'int cout': redefinition
      C:\Users\atind\OneDrive\Desktop\1_AdamCode-AlppaCentauri_O\1.PracticeWithAI\1.OppieCPP\Oppie1EVNLesNts\2.38Opi1PsByRefPintrsLsJsLsNts\2.38Opi1PsByRefPintrsLsJsLsNts\main.cpp(48,2):
      see declaration of 'cout'
  
C:\Users\atind\OneDrive\Desktop\1_AdamCode-AlppaCentauri_O\1.PracticeWithAI\1.OppieCPP\Oppie1EVNLesNts\2.38Opi1PsByRefPintrsLsJsLsNts\2.38Opi1PsByRefPintrsLsJsLsNts\main.cpp(49,7): error C2059: syntax error: '<<'
C:\Users\atind\OneDrive\Desktop\1_AdamCode-AlppaCentauri_O\1.PracticeWithAI\1.OppieCPP\Oppie1EVNLesNts\2.38Opi1PsByRefPintrsLsJsLsNts\2.38Opi1PsByRefPintrsLsJsLsNts\main.cpp(60,7): error C2143: syntax error: missing ';' before '<<'
C:\Users\atind\OneDrive\Desktop\1_AdamCode-AlppaCentauri_O\1.PracticeWithAI\1.OppieCPP\Oppie1EVNLesNts\2.38Opi1PsByRefPintrsLsJsLsNts\2.38Opi1PsByRefPintrsLsJsLsNts\main.cpp(60,2): error C4430: missing type specifier - int assumed. Note: C++ does not support default-int
C:\Users\atind\OneDrive\Desktop\1_AdamCode-AlppaCentauri_O\1.PracticeWithAI\1.OppieCPP\Oppie1EVNLesNts\2.38Opi1PsByRefPintrsLsJsLsNts\2.38Opi1PsByRefPintrsLsJsLsNts\main.cpp(60,2): error C2086: 'int cout': redefinition
      C:\Users\atind\OneDrive\Desktop\1_AdamCode-AlppaCentauri_O\1.PracticeWithAI\1.OppieCPP\Oppie1EVNLesNts\2.38Opi1PsByRefPintrsLsJsLsNts\2.38Opi1PsByRefPintrsLsJsLsNts\main.cpp(48,2):
      see declaration of 'cout'
  
C:\Users\atind\OneDrive\Desktop\1_AdamCode-AlppaCentauri_O\1.PracticeWithAI\1.OppieCPP\Oppie1EVNLesNts\2.38Opi1PsByRefPintrsLsJsLsNts\2.38Opi1PsByRefPintrsLsJsLsNts\main.cpp(60,7): error C2059: syntax error: '<<'
C:\Users\atind\OneDrive\Desktop\1_AdamCode-AlppaCentauri_O\1.PracticeWithAI\1.OppieCPP\Oppie1EVNLesNts\2.38Opi1PsByRefPintrsLsJsLsNts\2.38Opi1PsByRefPintrsLsJsLsNts\main.cpp(61,7): error C2143: syntax error: missing ';' before '<<'
C:\Users\atind\OneDrive\Desktop\1_AdamCode-AlppaCentauri_O\1.PracticeWithAI\1.OppieCPP\Oppie1EVNLesNts\2.38Opi1PsByRefPintrsLsJsLsNts\2.38Opi1PsByRefPintrsLsJsLsNts\main.cpp(61,2): error C4430: missing type specifier - int assumed. Note: C++ does not support default-int
C:\Users\atind\OneDrive\Desktop\1_AdamCode-AlppaCentauri_O\1.PracticeWithAI\1.OppieCPP\Oppie1EVNLesNts\2.38Opi1PsByRefPintrsLsJsLsNts\2.38Opi1PsByRefPintrsLsJsLsNts\main.cpp(61,2): error C2086: 'int cout': redefinition
      C:\Users\atind\OneDrive\Desktop\1_AdamCode-AlppaCentauri_O\1.PracticeWithAI\1.OppieCPP\Oppie1EVNLesNts\2.38Opi1PsByRefPintrsLsJsLsNts\2.38Opi1PsByRefPintrsLsJsLsNts\main.cpp(48,2):
      see declaration of 'cout'
  
C:\Users\atind\OneDrive\Desktop\1_AdamCode-AlppaCentauri_O\1.PracticeWithAI\1.OppieCPP\Oppie1EVNLesNts\2.38Opi1PsByRefPintrsLsJsLsNts\2.38Opi1PsByRefPintrsLsJsLsNts\main.cpp(61,7): error C2059: syntax error: '<<'
C:\Users\atind\OneDrive\Desktop\1_AdamCode-AlppaCentauri_O\1.PracticeWithAI\1.OppieCPP\Oppie1EVNLesNts\2.38Opi1PsByRefPintrsLsJsLsNts\2.38Opi1PsByRefPintrsLsJsLsNts\main.cpp(62,7): error C2143: syntax error: missing ';' before '<<'
C:\Users\atind\OneDrive\Desktop\1_AdamCode-AlppaCentauri_O\1.PracticeWithAI\1.OppieCPP\Oppie1EVNLesNts\2.38Opi1PsByRefPintrsLsJsLsNts\2.38Opi1PsByRefPintrsLsJsLsNts\main.cpp(62,2): error C4430: missing type specifier - int assumed. Note: C++ does not support default-int
C:\Users\atind\OneDrive\Desktop\1_AdamCode-AlppaCentauri_O\1.PracticeWithAI\1.OppieCPP\Oppie1EVNLesNts\2.38Opi1PsByRefPintrsLsJsLsNts\2.38Opi1PsByRefPintrsLsJsLsNts\main.cpp(62,2): error C2086: 'int cout': redefinition
      C:\Users\atind\OneDrive\Desktop\1_AdamCode-AlppaCentauri_O\1.PracticeWithAI\1.OppieCPP\Oppie1EVNLesNts\2.38Opi1PsByRefPintrsLsJsLsNts\2.38Opi1PsByRefPintrsLsJsLsNts\main.cpp(48,2):
      see declaration of 'cout'
  
C:\Users\atind\OneDrive\Desktop\1_AdamCode-AlppaCentauri_O\1.PracticeWithAI\1.OppieCPP\Oppie1EVNLesNts\2.38Opi1PsByRefPintrsLsJsLsNts\2.38Opi1PsByRefPintrsLsJsLsNts\main.cpp(62,7): error C2059: syntax error: '<<'
